******************************************************************************
                  TI ARM Linker PC v18.1.4                     
******************************************************************************
>> Linked Sat May  4 19:21:09 2019

OUTPUT FILE NAME:   <Lab7.out>
ENTRY POINT SYMBOL: "_c_int00_noargs"  address: 000019ad


MEMORY CONFIGURATION

         name            origin    length      used     unused   attr    fill
----------------------  --------  ---------  --------  --------  ----  --------
  FLASH                 00000000   00040000  0000208c  0003df74  R  X
  SRAM                  20000000   00008000  0000117c  00006e84  RW X


SEGMENT ALLOCATION MAP

run origin  load origin   length   init length attrs members
----------  ----------- ---------- ----------- ----- -------
00000000    00000000    0000208c   0000208c    r-x
  00000000    00000000    0000026c   0000026c    r-- .intvecs
  0000026c    0000026c    000017a4   000017a4    r-x .text
  00001a10    00001a10    0000067c   0000067c    r-- .cinit
20000000    20000000    00001180   00000000    rw-
  20000000    20000000    00000f7c   00000000    rw- .data
  20000f80    20000f80    00000200   00000000    rw- .stack


SECTION ALLOCATION MAP

 output                                  attributes/
section   page    origin      length       input sections
--------  ----  ----------  ----------   ----------------
.intvecs   0    00000000    0000026c     
                  00000000    0000026c     tm4c123gh6pm_startup_ccs.obj (.intvecs)

.text      0    0000026c    000017a4     
                  0000026c    00000ca0     lab7_library.obj (.text)
                  00000f0c    000003b2     Initializations.obj (.text)
                  000012be    00000002     --HOLE-- [fill = 0]
                  000012c0    000001a2     Lab7.obj (.text)
                  00001462    00000178     tables.obj (.text)
                  000015da    00000108     math.obj (.text)
                  000016e2    000000fc     uart.obj (.text)
                  000017de    0000009c     rtsv7M4_T_le_v4SPD16_eabi.lib : memcpy_t2.asm.obj (.text)
                  0000187a    00000084     GPIO.obj (.text)
                  000018fe    00000068     rtsv7M4_T_le_v4SPD16_eabi.lib : copy_decompress_lzss.c.obj (.text:decompress:lzss:__TI_decompress_lzss)
                  00001966    00000002     --HOLE-- [fill = 0]
                  00001968    00000044                                   : autoinit.c.obj (.text:__TI_auto_init_nobinit_nopinit:__TI_auto_init_nobinit_nopinit)
                  000019ac    00000038                                   : boot_cortex_m.c.obj (.text:_c_int00_noargs:_c_int00_noargs)
                  000019e4    0000000e                                   : copy_decompress_none.c.obj (.text:decompress:none:__TI_decompress_none)
                  000019f2    0000000c     tm4c123gh6pm_startup_ccs.obj (.text)
                  000019fe    0000000a     main.obj (.text)
                  00001a08    00000004     rtsv7M4_T_le_v4SPD16_eabi.lib : pre_init.c.obj (.text:_system_pre_init)
                  00001a0c    00000004                                   : exit.c.obj (.text:abort:abort)

.cinit     0    00001a10    0000067c     
                  00001a10    00000669     (.cinit..data.load) [load image, compression = lzss]
                  00002079    00000003     --HOLE-- [fill = 0]
                  0000207c    00000008     (__TI_handler_table)
                  00002084    00000008     (__TI_cinit_table)

.init_array 
*          0    00000000    00000000     UNINITIALIZED

.data      0    20000000    00000f7c     UNINITIALIZED
                  20000000    0000090c     lab7_library.obj (.data)
                  2000090c    00000670     Lab7.obj (.data)

.stack     0    20000f80    00000200     UNINITIALIZED
                  20000f80    00000004     rtsv7M4_T_le_v4SPD16_eabi.lib : boot_cortex_m.c.obj (.stack)
                  20000f84    000001fc     --HOLE--

MODULE SUMMARY

       Module                         code   ro data   rw data
       ------                         ----   -------   -------
    .\
       Lab7.obj                       418    0         1648   
       tm4c123gh6pm_startup_ccs.obj   12     620       0      
       main.obj                       10     0         0      
    +--+------------------------------+------+---------+---------+
       Total:                         440    620       1648   
                                                              
    .\Library\
       lab7_library.obj               3232   0         2316   
       Initializations.obj            946    0         0      
       tables.obj                     376    0         0      
       math.obj                       264    0         0      
       uart.obj                       252    0         0      
       GPIO.obj                       132    0         0      
    +--+------------------------------+------+---------+---------+
       Total:                         5202   0         2316   
                                                              
    C:\ti\ccsv8\tools\compiler\ti-cgt-arm_18.1.4.LTS\lib\rtsv7M4_T_le_v4SPD16_eabi.lib
       memcpy_t2.asm.obj              156    0         0      
       copy_decompress_lzss.c.obj     104    0         0      
       autoinit.c.obj                 68     0         0      
       boot_cortex_m.c.obj            56     0         0      
       copy_decompress_none.c.obj     14     0         0      
       exit.c.obj                     4      0         0      
       pre_init.c.obj                 4      0         0      
    +--+------------------------------+------+---------+---------+
       Total:                         406    0         0      
                                                              
       Stack:                         0      0         512    
       Linker Generated:              0      1657      0      
    +--+------------------------------+------+---------+---------+
       Grand Total:                   6048   2277      4476   


LINKER GENERATED COPY TABLES

__TI_cinit_table @ 00002084 records: 1, size/record: 8, table size: 8
	.data: load addr=00001a10, load size=00000669 bytes, run addr=20000000, run size=00000f7c bytes, compression=lzss


LINKER GENERATED HANDLER TABLE

__TI_handler_table @ 0000207c records: 2, size/record: 4, table size: 8
	index: 0, handler: __TI_decompress_lzss
	index: 1, handler: __TI_decompress_none


GLOBAL SYMBOLS: SORTED ALPHABETICALLY BY Name 

address   name                          
-------   ----                          
00001a0d  C$$EXIT                       
00001131  GPIO_init                     
000012d5  Lab7                          
0000073b  PortAHandler                  
000019f3  ResetISR                      
000005a1  Timer0Handler                 
00000625  Timer1Handler                 
00000657  Timer2Handler                 
00000433  Uart0Handler                  
20001180  __STACK_END                   
00000200  __STACK_SIZE                  
20001180  __STACK_TOP                   
00002084  __TI_CINIT_Base               
0000208c  __TI_CINIT_Limit              
0000207c  __TI_Handler_Table_Base       
00002084  __TI_Handler_Table_Limit      
00001969  __TI_auto_init_nobinit_nopinit
000018ff  __TI_decompress_lzss          
000019e5  __TI_decompress_none          
ffffffff  __TI_pprof_out_hndl           
ffffffff  __TI_prof_data_size           
ffffffff  __TI_prof_data_start          
00000000  __TI_static_base__            
000017df  __aeabi_memcpy                
000017df  __aeabi_memcpy4               
000017df  __aeabi_memcpy8               
ffffffff  __binit__                     
ffffffff  __c_args__                    
UNDEFED   __mpu_init                    
20000f80  __stack                       
000019ad  _c_int00_noargs               
UNDEFED   _system_post_cinit            
00001a09  _system_pre_init              
00001a0d  abort                         
ffffffff  binit                         
00001463  button_table                  
00000c0f  checkForSpawn                 
00000c53  check_valid_location          
00000de5  clearHomes                    
0000166b  convertToAscii                
00001603  div_and_mod                   
000017c7  fill_string                   
00000000  g_pfnVectors                  
00000a4b  generateRandomCharacter       
000018cf  illuminate_LEDs               
000018e5  illuminate_RGB_LED            
00000f0d  interrupt_init                
000019ff  main                          
000017df  memcpy                        
00001729  output_character              
00001753  output_string                 
00001509  playNote                      
000016e3  poll_character                
00000363  printGameOver                 
00001709  read_character                
0000187b  read_from_keypad              
000008c3  redrawBoard                   
0000033d  resetFrogLives                
000015db  rng                           
000002cd  setLevelTime                  
000009e9  shiftSetOfRows                
0000177d  shift_string                  
00000bb5  spawnRoadTile                 
00000adf  spawnWaterTile                
00000f8b  timer0_interrupt_init         
00001015  timer1_interrupt_init         
000010a3  timer2_interrupt_init         
000011f3  uart_init                     
000003ff  update_game_information       


GLOBAL SYMBOLS: SORTED BY Symbol Address 

address   name                          
-------   ----                          
00000000  __TI_static_base__            
00000000  g_pfnVectors                  
00000200  __STACK_SIZE                  
000002cd  setLevelTime                  
0000033d  resetFrogLives                
00000363  printGameOver                 
000003ff  update_game_information       
00000433  Uart0Handler                  
000005a1  Timer0Handler                 
00000625  Timer1Handler                 
00000657  Timer2Handler                 
0000073b  PortAHandler                  
000008c3  redrawBoard                   
000009e9  shiftSetOfRows                
00000a4b  generateRandomCharacter       
00000adf  spawnWaterTile                
00000bb5  spawnRoadTile                 
00000c0f  checkForSpawn                 
00000c53  check_valid_location          
00000de5  clearHomes                    
00000f0d  interrupt_init                
00000f8b  timer0_interrupt_init         
00001015  timer1_interrupt_init         
000010a3  timer2_interrupt_init         
00001131  GPIO_init                     
000011f3  uart_init                     
000012d5  Lab7                          
00001463  button_table                  
00001509  playNote                      
000015db  rng                           
00001603  div_and_mod                   
0000166b  convertToAscii                
000016e3  poll_character                
00001709  read_character                
00001729  output_character              
00001753  output_string                 
0000177d  shift_string                  
000017c7  fill_string                   
000017df  __aeabi_memcpy                
000017df  __aeabi_memcpy4               
000017df  __aeabi_memcpy8               
000017df  memcpy                        
0000187b  read_from_keypad              
000018cf  illuminate_LEDs               
000018e5  illuminate_RGB_LED            
000018ff  __TI_decompress_lzss          
00001969  __TI_auto_init_nobinit_nopinit
000019ad  _c_int00_noargs               
000019e5  __TI_decompress_none          
000019f3  ResetISR                      
000019ff  main                          
00001a09  _system_pre_init              
00001a0d  C$$EXIT                       
00001a0d  abort                         
0000207c  __TI_Handler_Table_Base       
00002084  __TI_CINIT_Base               
00002084  __TI_Handler_Table_Limit      
0000208c  __TI_CINIT_Limit              
20000f80  __stack                       
20001180  __STACK_END                   
20001180  __STACK_TOP                   
ffffffff  __TI_pprof_out_hndl           
ffffffff  __TI_prof_data_size           
ffffffff  __TI_prof_data_start          
ffffffff  __binit__                     
ffffffff  __c_args__                    
ffffffff  binit                         
UNDEFED   __mpu_init                    
UNDEFED   _system_post_cinit            

[69 symbols]
