******************************************************************************
                  TI ARM Linker PC v18.1.4                     
******************************************************************************
>> Linked Thu Apr 18 16:43:11 2019

OUTPUT FILE NAME:   <Lab7.out>
ENTRY POINT SYMBOL: "_c_int00_noargs"  address: 000010f1


MEMORY CONFIGURATION

         name            origin    length      used     unused   attr    fill
----------------------  --------  ---------  --------  --------  ----  --------
  FLASH                 00000000   00040000  00001410  0003ebf0  R  X
  SRAM                  20000000   00008000  00000a17  000075e9  RW X


SEGMENT ALLOCATION MAP

run origin  load origin   length   init length attrs members
----------  ----------- ---------- ----------- ----- -------
00000000    00000000    00001414   00001414    r-x
  00000000    00000000    0000026c   0000026c    r-- .intvecs
  0000026c    0000026c    00000ee8   00000ee8    r-x .text
  00001158    00001158    000002bc   000002bc    r-- .cinit
20000000    20000000    00000a18   00000000    rw-
  20000000    20000000    00000817   00000000    rw- .data
  20000818    20000818    00000200   00000000    rw- .stack


SECTION ALLOCATION MAP

 output                                  attributes/
section   page    origin      length       input sections
--------  ----  ----------  ----------   ----------------
.intvecs   0    00000000    0000026c     
                  00000000    0000026c     tm4c123gh6pm_startup_ccs.obj (.intvecs)

.text      0    0000026c    00000ee8     
                  0000026c    0000048e     Initializations.obj (.text)
                  000006fa    00000002     --HOLE-- [fill = 0]
                  000006fc    0000045e     lab7_library.obj (.text)
                  00000b5a    0000016e     tables.obj (.text)
                  00000cc8    000000fc     uart.obj (.text)
                  00000dc4    000000da     Lab7.obj (.text)
                  00000e9e    0000009c     rtsv7M4_T_le_v4SPD16_eabi.lib : memcpy_t2.asm.obj (.text)
                  00000f3a    00000086     math.obj (.text)
                  00000fc0    00000084     GPIO.obj (.text)
                  00001044    00000068     rtsv7M4_T_le_v4SPD16_eabi.lib : copy_decompress_lzss.c.obj (.text:decompress:lzss:__TI_decompress_lzss)
                  000010ac    00000044                                   : autoinit.c.obj (.text:__TI_auto_init_nobinit_nopinit:__TI_auto_init_nobinit_nopinit)
                  000010f0    00000038                                   : boot_cortex_m.c.obj (.text:_c_int00_noargs:_c_int00_noargs)
                  00001128    0000000e                                   : copy_decompress_none.c.obj (.text:decompress:none:__TI_decompress_none)
                  00001136    0000000c     tm4c123gh6pm_startup_ccs.obj (.text)
                  00001142    0000000a     main.obj (.text)
                  0000114c    00000004     rtsv7M4_T_le_v4SPD16_eabi.lib : pre_init.c.obj (.text:_system_pre_init)
                  00001150    00000004                                   : exit.c.obj (.text:abort:abort)

.cinit     0    00001158    000002bc     
                  00001158    000002ac     (.cinit..data.load) [load image, compression = lzss]
                  00001404    00000008     (__TI_handler_table)
                  0000140c    00000008     (__TI_cinit_table)

.init_array 
*          0    00000000    00000000     UNINITIALIZED

.data      0    20000000    00000817     UNINITIALIZED
                  20000000    000004b9     lab7_library.obj (.data)
                  200004b9    0000035e     Lab7.obj (.data)

.stack     0    20000818    00000200     UNINITIALIZED
                  20000818    00000004     rtsv7M4_T_le_v4SPD16_eabi.lib : boot_cortex_m.c.obj (.stack)
                  2000081c    000001fc     --HOLE--

MODULE SUMMARY

       Module                         code   ro data   rw data
       ------                         ----   -------   -------
    .\
       Lab7.obj                       218    0         862    
       tm4c123gh6pm_startup_ccs.obj   12     620       0      
       main.obj                       10     0         0      
    +--+------------------------------+------+---------+---------+
       Total:                         240    620       862    
                                                              
    .\Library\
       lab7_library.obj               1118   0         1209   
       Initializations.obj            1166   0         0      
       tables.obj                     366    0         0      
       uart.obj                       252    0         0      
       math.obj                       134    0         0      
       GPIO.obj                       132    0         0      
    +--+------------------------------+------+---------+---------+
       Total:                         3168   0         1209   
                                                              
    C:\ti\ccsv8\tools\compiler\ti-cgt-arm_18.1.4.LTS\lib\rtsv7M4_T_le_v4SPD16_eabi.lib
       memcpy_t2.asm.obj              156    0         0      
       copy_decompress_lzss.c.obj     104    0         0      
       autoinit.c.obj                 68     0         0      
       boot_cortex_m.c.obj            56     0         0      
       copy_decompress_none.c.obj     14     0         0      
       exit.c.obj                     4      0         0      
       pre_init.c.obj                 4      0         0      
    +--+------------------------------+------+---------+---------+
       Total:                         406    0         0      
                                                              
       Stack:                         0      0         512    
       Linker Generated:              0      700       0      
    +--+------------------------------+------+---------+---------+
       Grand Total:                   3814   1320      2583   


LINKER GENERATED COPY TABLES

__TI_cinit_table @ 0000140c records: 1, size/record: 8, table size: 8
	.data: load addr=00001158, load size=000002ac bytes, run addr=20000000, run size=00000817 bytes, compression=lzss


LINKER GENERATED HANDLER TABLE

__TI_handler_table @ 00001404 records: 2, size/record: 4, table size: 8
	index: 0, handler: __TI_decompress_lzss
	index: 1, handler: __TI_decompress_none


GLOBAL SYMBOLS: SORTED ALPHABETICALLY BY Name 

address   name                          
-------   ----                          
00001151  C$$EXIT                       
00000491  GPIO_init                     
00000dd9  Lab7                          
000008b5  PortAHandler                  
00001137  ResetISR                      
0000053b  SPI_init                      
00000843  Timer0Handler                 
00000865  Timer1Handler                 
00000897  Timer2Handler                 
00000731  Uart0Handler                  
20000a18  __STACK_END                   
00000200  __STACK_SIZE                  
20000a18  __STACK_TOP                   
0000140c  __TI_CINIT_Base               
00001414  __TI_CINIT_Limit              
00001404  __TI_Handler_Table_Base       
0000140c  __TI_Handler_Table_Limit      
000010ad  __TI_auto_init_nobinit_nopinit
00001045  __TI_decompress_lzss          
00001129  __TI_decompress_none          
ffffffff  __TI_pprof_out_hndl           
ffffffff  __TI_prof_data_size           
ffffffff  __TI_prof_data_start          
00000000  __TI_static_base__            
00000e9f  __aeabi_memcpy                
00000e9f  __aeabi_memcpy4               
00000e9f  __aeabi_memcpy8               
ffffffff  __binit__                     
ffffffff  __c_args__                    
UNDEFED   __mpu_init                    
20000818  __stack                       
000010f1  _c_int00_noargs               
UNDEFED   _system_post_cinit            
0000114d  _system_pre_init              
00001151  abort                         
ffffffff  binit                         
00000b5b  button_table                  
00000af1  check_valid_location          
00000f59  div_and_mod                   
00000dad  fill_string                   
00000000  g_pfnVectors                  
00001015  illuminate_LEDs               
0000102b  illuminate_RGB_LED            
0000026d  interrupt_init                
00001143  main                          
00000e9f  memcpy                        
00000b39  output_7_seg                  
00000d0f  output_character              
00000d39  output_string                 
00000c01  playNote                      
00000cc9  poll_character                
00000cef  read_character                
00000fc1  read_from_keypad              
00000a61  redrawBoard                   
00000f3b  rng                           
00000d63  shift_string                  
000002eb  timer0_interrupt_init         
00000375  timer1_interrupt_init         
00000403  timer2_interrupt_init         
0000062f  uart_init                     


GLOBAL SYMBOLS: SORTED BY Symbol Address 

address   name                          
-------   ----                          
00000000  __TI_static_base__            
00000000  g_pfnVectors                  
00000200  __STACK_SIZE                  
0000026d  interrupt_init                
000002eb  timer0_interrupt_init         
00000375  timer1_interrupt_init         
00000403  timer2_interrupt_init         
00000491  GPIO_init                     
0000053b  SPI_init                      
0000062f  uart_init                     
00000731  Uart0Handler                  
00000843  Timer0Handler                 
00000865  Timer1Handler                 
00000897  Timer2Handler                 
000008b5  PortAHandler                  
00000a61  redrawBoard                   
00000af1  check_valid_location          
00000b39  output_7_seg                  
00000b5b  button_table                  
00000c01  playNote                      
00000cc9  poll_character                
00000cef  read_character                
00000d0f  output_character              
00000d39  output_string                 
00000d63  shift_string                  
00000dad  fill_string                   
00000dd9  Lab7                          
00000e9f  __aeabi_memcpy                
00000e9f  __aeabi_memcpy4               
00000e9f  __aeabi_memcpy8               
00000e9f  memcpy                        
00000f3b  rng                           
00000f59  div_and_mod                   
00000fc1  read_from_keypad              
00001015  illuminate_LEDs               
0000102b  illuminate_RGB_LED            
00001045  __TI_decompress_lzss          
000010ad  __TI_auto_init_nobinit_nopinit
000010f1  _c_int00_noargs               
00001129  __TI_decompress_none          
00001137  ResetISR                      
00001143  main                          
0000114d  _system_pre_init              
00001151  C$$EXIT                       
00001151  abort                         
00001404  __TI_Handler_Table_Base       
0000140c  __TI_CINIT_Base               
0000140c  __TI_Handler_Table_Limit      
00001414  __TI_CINIT_Limit              
20000818  __stack                       
20000a18  __STACK_END                   
20000a18  __STACK_TOP                   
ffffffff  __TI_pprof_out_hndl           
ffffffff  __TI_prof_data_size           
ffffffff  __TI_prof_data_start          
ffffffff  __binit__                     
ffffffff  __c_args__                    
ffffffff  binit                         
UNDEFED   __mpu_init                    
UNDEFED   _system_post_cinit            

[60 symbols]
