******************************************************************************
                  TI ARM Linker PC v18.1.4                     
******************************************************************************
>> Linked Thu May  2 17:54:44 2019

OUTPUT FILE NAME:   <Lab7.out>
ENTRY POINT SYMBOL: "_c_int00_noargs"  address: 00001659


MEMORY CONFIGURATION

         name            origin    length      used     unused   attr    fill
----------------------  --------  ---------  --------  --------  ----  --------
  FLASH                 00000000   00040000  0000199c  0003e664  R  X
  SRAM                  20000000   00008000  00000a49  000075b7  RW X


SEGMENT ALLOCATION MAP

run origin  load origin   length   init length attrs members
----------  ----------- ---------- ----------- ----- -------
00000000    00000000    000019a0   000019a0    r-x
  00000000    00000000    0000026c   0000026c    r-- .intvecs
  0000026c    0000026c    00001450   00001450    r-x .text
  000016c0    000016c0    000002e0   000002e0    r-- .cinit
20000000    20000000    00000a50   00000000    rw-
  20000000    20000000    00000849   00000000    rw- .data
  20000850    20000850    00000200   00000000    rw- .stack


SECTION ALLOCATION MAP

 output                                  attributes/
section   page    origin      length       input sections
--------  ----  ----------  ----------   ----------------
.intvecs   0    00000000    0000026c     
                  00000000    0000026c     tm4c123gh6pm_startup_ccs.obj (.intvecs)

.text      0    0000026c    00001450     
                  0000026c    0000093c     lab7_library.obj (.text)
                  00000ba8    00000476     Initializations.obj (.text)
                  0000101e    0000016e     tables.obj (.text)
                  0000118c    0000010a     Lab7.obj (.text)
                  00001296    000000fc     uart.obj (.text)
                  00001392    000000fa     math.obj (.text)
                  0000148c    0000009c     rtsv7M4_T_le_v4SPD16_eabi.lib : memcpy_t2.asm.obj (.text)
                  00001528    00000084     GPIO.obj (.text)
                  000015ac    00000068     rtsv7M4_T_le_v4SPD16_eabi.lib : copy_decompress_lzss.c.obj (.text:decompress:lzss:__TI_decompress_lzss)
                  00001614    00000044                                   : autoinit.c.obj (.text:__TI_auto_init_nobinit_nopinit:__TI_auto_init_nobinit_nopinit)
                  00001658    00000038                                   : boot_cortex_m.c.obj (.text:_c_int00_noargs:_c_int00_noargs)
                  00001690    0000000e                                   : copy_decompress_none.c.obj (.text:decompress:none:__TI_decompress_none)
                  0000169e    0000000c     tm4c123gh6pm_startup_ccs.obj (.text)
                  000016aa    0000000a     main.obj (.text)
                  000016b4    00000004     rtsv7M4_T_le_v4SPD16_eabi.lib : pre_init.c.obj (.text:_system_pre_init)
                  000016b8    00000004                                   : exit.c.obj (.text:abort:abort)

.cinit     0    000016c0    000002e0     
                  000016c0    000002d0     (.cinit..data.load) [load image, compression = lzss]
                  00001990    00000008     (__TI_handler_table)
                  00001998    00000008     (__TI_cinit_table)

.init_array 
*          0    00000000    00000000     UNINITIALIZED

.data      0    20000000    00000849     UNINITIALIZED
                  20000000    000004eb     lab7_library.obj (.data)
                  200004eb    0000035e     Lab7.obj (.data)

.stack     0    20000850    00000200     UNINITIALIZED
                  20000850    00000004     rtsv7M4_T_le_v4SPD16_eabi.lib : boot_cortex_m.c.obj (.stack)
                  20000854    000001fc     --HOLE--

MODULE SUMMARY

       Module                         code   ro data   rw data
       ------                         ----   -------   -------
    .\
       Lab7.obj                       266    0         862    
       tm4c123gh6pm_startup_ccs.obj   12     620       0      
       main.obj                       10     0         0      
    +--+------------------------------+------+---------+---------+
       Total:                         288    620       862    
                                                              
    .\Library\
       lab7_library.obj               2364   0         1259   
       Initializations.obj            1142   0         0      
       tables.obj                     366    0         0      
       uart.obj                       252    0         0      
       math.obj                       250    0         0      
       GPIO.obj                       132    0         0      
    +--+------------------------------+------+---------+---------+
       Total:                         4506   0         1259   
                                                              
    C:\ti\ccsv8\tools\compiler\ti-cgt-arm_18.1.4.LTS\lib\rtsv7M4_T_le_v4SPD16_eabi.lib
       memcpy_t2.asm.obj              156    0         0      
       copy_decompress_lzss.c.obj     104    0         0      
       autoinit.c.obj                 68     0         0      
       boot_cortex_m.c.obj            56     0         0      
       copy_decompress_none.c.obj     14     0         0      
       exit.c.obj                     4      0         0      
       pre_init.c.obj                 4      0         0      
    +--+------------------------------+------+---------+---------+
       Total:                         406    0         0      
                                                              
       Stack:                         0      0         512    
       Linker Generated:              0      736       0      
    +--+------------------------------+------+---------+---------+
       Grand Total:                   5200   1356      2633   


LINKER GENERATED COPY TABLES

__TI_cinit_table @ 00001998 records: 1, size/record: 8, table size: 8
	.data: load addr=000016c0, load size=000002d0 bytes, run addr=20000000, run size=00000849 bytes, compression=lzss


LINKER GENERATED HANDLER TABLE

__TI_handler_table @ 00001990 records: 2, size/record: 4, table size: 8
	index: 0, handler: __TI_decompress_lzss
	index: 1, handler: __TI_decompress_none


GLOBAL SYMBOLS: SORTED ALPHABETICALLY BY Name 

address   name                          
-------   ----                          
000016b9  C$$EXIT                       
00000dcd  GPIO_init                     
000011a1  Lab7                          
000005b5  PortAHandler                  
0000169f  ResetISR                      
00000e5f  SPI_init                      
00000441  Timer0Handler                 
000004a7  Timer1Handler                 
000004d9  Timer2Handler                 
0000030b  Uart0Handler                  
20000a50  __STACK_END                   
00000200  __STACK_SIZE                  
20000a50  __STACK_TOP                   
00001998  __TI_CINIT_Base               
000019a0  __TI_CINIT_Limit              
00001990  __TI_Handler_Table_Base       
00001998  __TI_Handler_Table_Limit      
00001615  __TI_auto_init_nobinit_nopinit
000015ad  __TI_decompress_lzss          
00001691  __TI_decompress_none          
ffffffff  __TI_pprof_out_hndl           
ffffffff  __TI_prof_data_size           
ffffffff  __TI_prof_data_start          
00000000  __TI_static_base__            
0000148d  __aeabi_memcpy                
0000148d  __aeabi_memcpy4               
0000148d  __aeabi_memcpy8               
ffffffff  __binit__                     
ffffffff  __c_args__                    
UNDEFED   __mpu_init                    
20000850  __stack                       
00001659  _c_int00_noargs               
UNDEFED   _system_post_cinit            
000016b5  _system_pre_init              
000016b9  abort                         
ffffffff  binit                         
0000101f  button_table                  
00000a21  checkForSpawn                 
00000a59  check_valid_location          
00001415  convertToAscii                
000013ad  div_and_mod                   
0000137b  fill_string                   
00000000  g_pfnVectors                  
0000085d  generateRandomCharacter       
0000157d  illuminate_LEDs               
00001593  illuminate_RGB_LED            
00000ba9  interrupt_init                
000016ab  main                          
0000148d  memcpy                        
00000aa3  output_7_seg                  
000012dd  output_character              
00001307  output_string                 
000010c5  playNote                      
00001297  poll_character                
000012bd  read_character                
00001529  read_from_keypad              
00000761  redrawBoard                   
00001393  rng                           
000007fb  shiftSetOfRows                
00001331  shift_string                  
000009c7  spawnRoadTile                 
000008f1  spawnWaterTile                
00000c27  timer0_interrupt_init         
00000cb1  timer1_interrupt_init         
00000d3f  timer2_interrupt_init         
00000f53  uart_init                     
000002d7  update_game_information       


GLOBAL SYMBOLS: SORTED BY Symbol Address 

address   name                          
-------   ----                          
00000000  __TI_static_base__            
00000000  g_pfnVectors                  
00000200  __STACK_SIZE                  
000002d7  update_game_information       
0000030b  Uart0Handler                  
00000441  Timer0Handler                 
000004a7  Timer1Handler                 
000004d9  Timer2Handler                 
000005b5  PortAHandler                  
00000761  redrawBoard                   
000007fb  shiftSetOfRows                
0000085d  generateRandomCharacter       
000008f1  spawnWaterTile                
000009c7  spawnRoadTile                 
00000a21  checkForSpawn                 
00000a59  check_valid_location          
00000aa3  output_7_seg                  
00000ba9  interrupt_init                
00000c27  timer0_interrupt_init         
00000cb1  timer1_interrupt_init         
00000d3f  timer2_interrupt_init         
00000dcd  GPIO_init                     
00000e5f  SPI_init                      
00000f53  uart_init                     
0000101f  button_table                  
000010c5  playNote                      
000011a1  Lab7                          
00001297  poll_character                
000012bd  read_character                
000012dd  output_character              
00001307  output_string                 
00001331  shift_string                  
0000137b  fill_string                   
00001393  rng                           
000013ad  div_and_mod                   
00001415  convertToAscii                
0000148d  __aeabi_memcpy                
0000148d  __aeabi_memcpy4               
0000148d  __aeabi_memcpy8               
0000148d  memcpy                        
00001529  read_from_keypad              
0000157d  illuminate_LEDs               
00001593  illuminate_RGB_LED            
000015ad  __TI_decompress_lzss          
00001615  __TI_auto_init_nobinit_nopinit
00001659  _c_int00_noargs               
00001691  __TI_decompress_none          
0000169f  ResetISR                      
000016ab  main                          
000016b5  _system_pre_init              
000016b9  C$$EXIT                       
000016b9  abort                         
00001990  __TI_Handler_Table_Base       
00001998  __TI_CINIT_Base               
00001998  __TI_Handler_Table_Limit      
000019a0  __TI_CINIT_Limit              
20000850  __stack                       
20000a50  __STACK_END                   
20000a50  __STACK_TOP                   
ffffffff  __TI_pprof_out_hndl           
ffffffff  __TI_prof_data_size           
ffffffff  __TI_prof_data_start          
ffffffff  __binit__                     
ffffffff  __c_args__                    
ffffffff  binit                         
UNDEFED   __mpu_init                    
UNDEFED   _system_post_cinit            

[67 symbols]
