******************************************************************************
                  TI ARM Linker PC v18.1.4                     
******************************************************************************
>> Linked Fri May  3 01:14:07 2019

OUTPUT FILE NAME:   <Lab7.out>
ENTRY POINT SYMBOL: "_c_int00_noargs"  address: 00001845


MEMORY CONFIGURATION

         name            origin    length      used     unused   attr    fill
----------------------  --------  ---------  --------  --------  ----  --------
  FLASH                 00000000   00040000  00001d04  0003e2fc  R  X
  SRAM                  20000000   00008000  00000e7a  00007186  RW X


SEGMENT ALLOCATION MAP

run origin  load origin   length   init length attrs members
----------  ----------- ---------- ----------- ----- -------
00000000    00000000    00001d04   00001d04    r-x
  00000000    00000000    0000026c   0000026c    r-- .intvecs
  0000026c    0000026c    0000163c   0000163c    r-x .text
  000018a8    000018a8    0000045c   0000045c    r-- .cinit
20000000    20000000    00000e80   00000000    rw-
  20000000    20000000    00000c7a   00000000    rw- .data
  20000c80    20000c80    00000200   00000000    rw- .stack


SECTION ALLOCATION MAP

 output                                  attributes/
section   page    origin      length       input sections
--------  ----  ----------  ----------   ----------------
.intvecs   0    00000000    0000026c     
                  00000000    0000026c     tm4c123gh6pm_startup_ccs.obj (.intvecs)

.text      0    0000026c    0000163c     
                  0000026c    00000a6e     lab7_library.obj (.text)
                  00000cda    000004a6     Initializations.obj (.text)
                  00001180    0000017c     Lab7.obj (.text)
                  000012fc    00000178     tables.obj (.text)
                  00001474    00000108     math.obj (.text)
                  0000157c    000000fc     uart.obj (.text)
                  00001678    0000009c     rtsv7M4_T_le_v4SPD16_eabi.lib : memcpy_t2.asm.obj (.text)
                  00001714    00000084     GPIO.obj (.text)
                  00001798    00000068     rtsv7M4_T_le_v4SPD16_eabi.lib : copy_decompress_lzss.c.obj (.text:decompress:lzss:__TI_decompress_lzss)
                  00001800    00000044                                   : autoinit.c.obj (.text:__TI_auto_init_nobinit_nopinit:__TI_auto_init_nobinit_nopinit)
                  00001844    00000038                                   : boot_cortex_m.c.obj (.text:_c_int00_noargs:_c_int00_noargs)
                  0000187c    0000000e                                   : copy_decompress_none.c.obj (.text:decompress:none:__TI_decompress_none)
                  0000188a    0000000c     tm4c123gh6pm_startup_ccs.obj (.text)
                  00001896    0000000a     main.obj (.text)
                  000018a0    00000004     rtsv7M4_T_le_v4SPD16_eabi.lib : pre_init.c.obj (.text:_system_pre_init)
                  000018a4    00000004                                   : exit.c.obj (.text:abort:abort)

.cinit     0    000018a8    0000045c     
                  000018a8    0000044b     (.cinit..data.load) [load image, compression = lzss]
                  00001cf3    00000001     --HOLE-- [fill = 0]
                  00001cf4    00000008     (__TI_handler_table)
                  00001cfc    00000008     (__TI_cinit_table)

.init_array 
*          0    00000000    00000000     UNINITIALIZED

.data      0    20000000    00000c7a     UNINITIALIZED
                  20000000    0000091c     lab7_library.obj (.data)
                  2000091c    0000035e     Lab7.obj (.data)

.stack     0    20000c80    00000200     UNINITIALIZED
                  20000c80    00000004     rtsv7M4_T_le_v4SPD16_eabi.lib : boot_cortex_m.c.obj (.stack)
                  20000c84    000001fc     --HOLE--

MODULE SUMMARY

       Module                         code   ro data   rw data
       ------                         ----   -------   -------
    .\
       Lab7.obj                       380    0         862    
       tm4c123gh6pm_startup_ccs.obj   12     620       0      
       main.obj                       10     0         0      
    +--+------------------------------+------+---------+---------+
       Total:                         402    620       862    
                                                              
    .\Library\
       lab7_library.obj               2670   0         2332   
       Initializations.obj            1190   0         0      
       tables.obj                     376    0         0      
       math.obj                       264    0         0      
       uart.obj                       252    0         0      
       GPIO.obj                       132    0         0      
    +--+------------------------------+------+---------+---------+
       Total:                         4884   0         2332   
                                                              
    C:\Users\jackj\Documents\CCS\ccsv8\tools\compiler\ti-cgt-arm_18.1.4.LTS\lib\rtsv7M4_T_le_v4SPD16_eabi.lib
       memcpy_t2.asm.obj              156    0         0      
       copy_decompress_lzss.c.obj     104    0         0      
       autoinit.c.obj                 68     0         0      
       boot_cortex_m.c.obj            56     0         0      
       copy_decompress_none.c.obj     14     0         0      
       exit.c.obj                     4      0         0      
       pre_init.c.obj                 4      0         0      
    +--+------------------------------+------+---------+---------+
       Total:                         406    0         0      
                                                              
       Stack:                         0      0         512    
       Linker Generated:              0      1115      0      
    +--+------------------------------+------+---------+---------+
       Grand Total:                   5692   1735      3706   


LINKER GENERATED COPY TABLES

__TI_cinit_table @ 00001cfc records: 1, size/record: 8, table size: 8
	.data: load addr=000018a8, load size=0000044b bytes, run addr=20000000, run size=00000c7a bytes, compression=lzss


LINKER GENERATED HANDLER TABLE

__TI_handler_table @ 00001cf4 records: 2, size/record: 4, table size: 8
	index: 0, handler: __TI_decompress_lzss
	index: 1, handler: __TI_decompress_none


GLOBAL SYMBOLS: SORTED ALPHABETICALLY BY Name 

address   name                          
-------   ----                          
000018a5  C$$EXIT                       
00000eff  GPIO_init                     
00001195  Lab7                          
000006d1  PortAHandler                  
0000188b  ResetISR                      
00000fc1  SPI_init                      
0000050f  Timer0Handler                 
0000058f  Timer1Handler                 
000005c1  Timer2Handler                 
000003cb  Uart0Handler                  
20000e80  __STACK_END                   
00000200  __STACK_SIZE                  
20000e80  __STACK_TOP                   
00001cfc  __TI_CINIT_Base               
00001d04  __TI_CINIT_Limit              
00001cf4  __TI_Handler_Table_Base       
00001cfc  __TI_Handler_Table_Limit      
00001801  __TI_auto_init_nobinit_nopinit
00001799  __TI_decompress_lzss          
0000187d  __TI_decompress_none          
ffffffff  __TI_pprof_out_hndl           
ffffffff  __TI_prof_data_size           
ffffffff  __TI_prof_data_start          
00000000  __TI_static_base__            
00001679  __aeabi_memcpy                
00001679  __aeabi_memcpy4               
00001679  __aeabi_memcpy8               
ffffffff  __binit__                     
ffffffff  __c_args__                    
UNDEFED   __mpu_init                    
20000c80  __stack                       
00001845  _c_int00_noargs               
UNDEFED   _system_post_cinit            
000018a1  _system_pre_init              
000018a5  abort                         
ffffffff  binit                         
000012fd  button_table                  
00000b75  checkForSpawn                 
00000bad  check_valid_location          
00001505  convertToAscii                
0000149d  div_and_mod                   
00001661  fill_string                   
00000000  g_pfnVectors                  
000009b1  generateRandomCharacter       
00001769  illuminate_LEDs               
0000177f  illuminate_RGB_LED            
00000cdb  interrupt_init                
00001897  main                          
00001679  memcpy                        
000015c3  output_character              
000015ed  output_string                 
000013a3  playNote                      
0000157d  poll_character                
00000307  printGameOver                 
000015a3  read_character                
00001715  read_from_keypad              
000008a3  redrawBoard                   
000002e1  resetFrogLives                
00001475  rng                           
0000094f  shiftSetOfRows                
00001617  shift_string                  
00000b1b  spawnRoadTile                 
00000a45  spawnWaterTile                
00000d59  timer0_interrupt_init         
00000de3  timer1_interrupt_init         
00000e71  timer2_interrupt_init         
000010b5  uart_init                     
00000397  update_game_information       


GLOBAL SYMBOLS: SORTED BY Symbol Address 

address   name                          
-------   ----                          
00000000  __TI_static_base__            
00000000  g_pfnVectors                  
00000200  __STACK_SIZE                  
000002e1  resetFrogLives                
00000307  printGameOver                 
00000397  update_game_information       
000003cb  Uart0Handler                  
0000050f  Timer0Handler                 
0000058f  Timer1Handler                 
000005c1  Timer2Handler                 
000006d1  PortAHandler                  
000008a3  redrawBoard                   
0000094f  shiftSetOfRows                
000009b1  generateRandomCharacter       
00000a45  spawnWaterTile                
00000b1b  spawnRoadTile                 
00000b75  checkForSpawn                 
00000bad  check_valid_location          
00000cdb  interrupt_init                
00000d59  timer0_interrupt_init         
00000de3  timer1_interrupt_init         
00000e71  timer2_interrupt_init         
00000eff  GPIO_init                     
00000fc1  SPI_init                      
000010b5  uart_init                     
00001195  Lab7                          
000012fd  button_table                  
000013a3  playNote                      
00001475  rng                           
0000149d  div_and_mod                   
00001505  convertToAscii                
0000157d  poll_character                
000015a3  read_character                
000015c3  output_character              
000015ed  output_string                 
00001617  shift_string                  
00001661  fill_string                   
00001679  __aeabi_memcpy                
00001679  __aeabi_memcpy4               
00001679  __aeabi_memcpy8               
00001679  memcpy                        
00001715  read_from_keypad              
00001769  illuminate_LEDs               
0000177f  illuminate_RGB_LED            
00001799  __TI_decompress_lzss          
00001801  __TI_auto_init_nobinit_nopinit
00001845  _c_int00_noargs               
0000187d  __TI_decompress_none          
0000188b  ResetISR                      
00001897  main                          
000018a1  _system_pre_init              
000018a5  C$$EXIT                       
000018a5  abort                         
00001cf4  __TI_Handler_Table_Base       
00001cfc  __TI_CINIT_Base               
00001cfc  __TI_Handler_Table_Limit      
00001d04  __TI_CINIT_Limit              
20000c80  __stack                       
20000e80  __STACK_END                   
20000e80  __STACK_TOP                   
ffffffff  __TI_pprof_out_hndl           
ffffffff  __TI_prof_data_size           
ffffffff  __TI_prof_data_start          
ffffffff  __binit__                     
ffffffff  __c_args__                    
ffffffff  binit                         
UNDEFED   __mpu_init                    
UNDEFED   _system_post_cinit            

[68 symbols]
