******************************************************************************
                  TI ARM Linker PC v18.1.4                     
******************************************************************************
>> Linked Fri May  3 16:58:21 2019

OUTPUT FILE NAME:   <Lab7.out>
ENTRY POINT SYMBOL: "_c_int00_noargs"  address: 000019fd


MEMORY CONFIGURATION

         name            origin    length      used     unused   attr    fill
----------------------  --------  ---------  --------  --------  ----  --------
  FLASH                 00000000   00040000  000020c8  0003df38  R  X
  SRAM                  20000000   00008000  00001116  00006eea  RW X


SEGMENT ALLOCATION MAP

run origin  load origin   length   init length attrs members
----------  ----------- ---------- ----------- ----- -------
00000000    00000000    000020c8   000020c8    r-x
  00000000    00000000    0000026c   0000026c    r-- .intvecs
  0000026c    0000026c    000017f4   000017f4    r-x .text
  00001a60    00001a60    00000668   00000668    r-- .cinit
20000000    20000000    00001118   00000000    rw-
  20000000    20000000    00000f16   00000000    rw- .data
  20000f18    20000f18    00000200   00000000    rw- .stack


SECTION ALLOCATION MAP

 output                                  attributes/
section   page    origin      length       input sections
--------  ----  ----------  ----------   ----------------
.intvecs   0    00000000    0000026c     
                  00000000    0000026c     tm4c123gh6pm_startup_ccs.obj (.intvecs)

.text      0    0000026c    000017f4     
                  0000026c    00000c10     lab7_library.obj (.text)
                  00000e7c    000004a6     Initializations.obj (.text)
                  00001322    00000002     --HOLE-- [fill = 0]
                  00001324    0000018e     Lab7.obj (.text)
                  000014b2    00000178     tables.obj (.text)
                  0000162a    00000108     math.obj (.text)
                  00001732    000000fc     uart.obj (.text)
                  0000182e    0000009c     rtsv7M4_T_le_v4SPD16_eabi.lib : memcpy_t2.asm.obj (.text)
                  000018ca    00000084     GPIO.obj (.text)
                  0000194e    00000068     rtsv7M4_T_le_v4SPD16_eabi.lib : copy_decompress_lzss.c.obj (.text:decompress:lzss:__TI_decompress_lzss)
                  000019b6    00000002     --HOLE-- [fill = 0]
                  000019b8    00000044                                   : autoinit.c.obj (.text:__TI_auto_init_nobinit_nopinit:__TI_auto_init_nobinit_nopinit)
                  000019fc    00000038                                   : boot_cortex_m.c.obj (.text:_c_int00_noargs:_c_int00_noargs)
                  00001a34    0000000e                                   : copy_decompress_none.c.obj (.text:decompress:none:__TI_decompress_none)
                  00001a42    0000000c     tm4c123gh6pm_startup_ccs.obj (.text)
                  00001a4e    0000000a     main.obj (.text)
                  00001a58    00000004     rtsv7M4_T_le_v4SPD16_eabi.lib : pre_init.c.obj (.text:_system_pre_init)
                  00001a5c    00000004                                   : exit.c.obj (.text:abort:abort)

.cinit     0    00001a60    00000668     
                  00001a60    00000656     (.cinit..data.load) [load image, compression = lzss]
                  000020b6    00000002     --HOLE-- [fill = 0]
                  000020b8    00000008     (__TI_handler_table)
                  000020c0    00000008     (__TI_cinit_table)

.init_array 
*          0    00000000    00000000     UNINITIALIZED

.data      0    20000000    00000f16     UNINITIALIZED
                  20000000    0000091c     lab7_library.obj (.data)
                  2000091c    000005fa     Lab7.obj (.data)

.stack     0    20000f18    00000200     UNINITIALIZED
                  20000f18    00000004     rtsv7M4_T_le_v4SPD16_eabi.lib : boot_cortex_m.c.obj (.stack)
                  20000f1c    000001fc     --HOLE--

MODULE SUMMARY

       Module                         code   ro data   rw data
       ------                         ----   -------   -------
    .\
       Lab7.obj                       398    0         1530   
       tm4c123gh6pm_startup_ccs.obj   12     620       0      
       main.obj                       10     0         0      
    +--+------------------------------+------+---------+---------+
       Total:                         420    620       1530   
                                                              
    .\Library\
       lab7_library.obj               3088   0         2332   
       Initializations.obj            1190   0         0      
       tables.obj                     376    0         0      
       math.obj                       264    0         0      
       uart.obj                       252    0         0      
       GPIO.obj                       132    0         0      
    +--+------------------------------+------+---------+---------+
       Total:                         5302   0         2332   
                                                              
    C:\ti\ccsv8\tools\compiler\ti-cgt-arm_18.1.4.LTS\lib\rtsv7M4_T_le_v4SPD16_eabi.lib
       memcpy_t2.asm.obj              156    0         0      
       copy_decompress_lzss.c.obj     104    0         0      
       autoinit.c.obj                 68     0         0      
       boot_cortex_m.c.obj            56     0         0      
       copy_decompress_none.c.obj     14     0         0      
       exit.c.obj                     4      0         0      
       pre_init.c.obj                 4      0         0      
    +--+------------------------------+------+---------+---------+
       Total:                         406    0         0      
                                                              
       Stack:                         0      0         512    
       Linker Generated:              0      1638      0      
    +--+------------------------------+------+---------+---------+
       Grand Total:                   6128   2258      4374   


LINKER GENERATED COPY TABLES

__TI_cinit_table @ 000020c0 records: 1, size/record: 8, table size: 8
	.data: load addr=00001a60, load size=00000656 bytes, run addr=20000000, run size=00000f16 bytes, compression=lzss


LINKER GENERATED HANDLER TABLE

__TI_handler_table @ 000020b8 records: 2, size/record: 4, table size: 8
	index: 0, handler: __TI_decompress_lzss
	index: 1, handler: __TI_decompress_none


GLOBAL SYMBOLS: SORTED ALPHABETICALLY BY Name 

address   name                          
-------   ----                          
00001a5d  C$$EXIT                       
000010a1  GPIO_init                     
00001339  Lab7                          
000006cd  PortAHandler                  
00001a43  ResetISR                      
00001163  SPI_init                      
00000533  Timer0Handler                 
000005b7  Timer1Handler                 
000005e9  Timer2Handler                 
00000415  Uart0Handler                  
20001118  __STACK_END                   
00000200  __STACK_SIZE                  
20001118  __STACK_TOP                   
000020c0  __TI_CINIT_Base               
000020c8  __TI_CINIT_Limit              
000020b8  __TI_Handler_Table_Base       
000020c0  __TI_Handler_Table_Limit      
000019b9  __TI_auto_init_nobinit_nopinit
0000194f  __TI_decompress_lzss          
00001a35  __TI_decompress_none          
ffffffff  __TI_pprof_out_hndl           
ffffffff  __TI_prof_data_size           
ffffffff  __TI_prof_data_start          
00000000  __TI_static_base__            
0000182f  __aeabi_memcpy                
0000182f  __aeabi_memcpy4               
0000182f  __aeabi_memcpy8               
ffffffff  __binit__                     
ffffffff  __c_args__                    
UNDEFED   __mpu_init                    
20000f18  __stack                       
000019fd  _c_int00_noargs               
UNDEFED   _system_post_cinit            
00001a59  _system_pre_init              
00001a5d  abort                         
ffffffff  binit                         
000014b3  button_table                  
00000b71  checkForSpawn                 
00000ba9  check_valid_location          
00000d51  clearHomes                    
000016bb  convertToAscii                
00001653  div_and_mod                   
00001817  fill_string                   
00000000  g_pfnVectors                  
000009ad  generateRandomCharacter       
0000191f  illuminate_LEDs               
00001935  illuminate_RGB_LED            
00000e7d  interrupt_init                
00001a4f  main                          
0000182f  memcpy                        
00001779  output_character              
000017a3  output_string                 
00001559  playNote                      
00001733  poll_character                
0000034f  printGameOver                 
00001759  read_character                
000018cb  read_from_keypad              
0000089f  redrawBoard                   
00000329  resetFrogLives                
0000162b  rng                           
000002cd  setLevelTime                  
0000094b  shiftSetOfRows                
000017cd  shift_string                  
00000b17  spawnRoadTile                 
00000a41  spawnWaterTile                
00000efb  timer0_interrupt_init         
00000f85  timer1_interrupt_init         
00001013  timer2_interrupt_init         
00001257  uart_init                     
000003e1  update_game_information       


GLOBAL SYMBOLS: SORTED BY Symbol Address 

address   name                          
-------   ----                          
00000000  __TI_static_base__            
00000000  g_pfnVectors                  
00000200  __STACK_SIZE                  
000002cd  setLevelTime                  
00000329  resetFrogLives                
0000034f  printGameOver                 
000003e1  update_game_information       
00000415  Uart0Handler                  
00000533  Timer0Handler                 
000005b7  Timer1Handler                 
000005e9  Timer2Handler                 
000006cd  PortAHandler                  
0000089f  redrawBoard                   
0000094b  shiftSetOfRows                
000009ad  generateRandomCharacter       
00000a41  spawnWaterTile                
00000b17  spawnRoadTile                 
00000b71  checkForSpawn                 
00000ba9  check_valid_location          
00000d51  clearHomes                    
00000e7d  interrupt_init                
00000efb  timer0_interrupt_init         
00000f85  timer1_interrupt_init         
00001013  timer2_interrupt_init         
000010a1  GPIO_init                     
00001163  SPI_init                      
00001257  uart_init                     
00001339  Lab7                          
000014b3  button_table                  
00001559  playNote                      
0000162b  rng                           
00001653  div_and_mod                   
000016bb  convertToAscii                
00001733  poll_character                
00001759  read_character                
00001779  output_character              
000017a3  output_string                 
000017cd  shift_string                  
00001817  fill_string                   
0000182f  __aeabi_memcpy                
0000182f  __aeabi_memcpy4               
0000182f  __aeabi_memcpy8               
0000182f  memcpy                        
000018cb  read_from_keypad              
0000191f  illuminate_LEDs               
00001935  illuminate_RGB_LED            
0000194f  __TI_decompress_lzss          
000019b9  __TI_auto_init_nobinit_nopinit
000019fd  _c_int00_noargs               
00001a35  __TI_decompress_none          
00001a43  ResetISR                      
00001a4f  main                          
00001a59  _system_pre_init              
00001a5d  C$$EXIT                       
00001a5d  abort                         
000020b8  __TI_Handler_Table_Base       
000020c0  __TI_CINIT_Base               
000020c0  __TI_Handler_Table_Limit      
000020c8  __TI_CINIT_Limit              
20000f18  __stack                       
20001118  __STACK_END                   
20001118  __STACK_TOP                   
ffffffff  __TI_pprof_out_hndl           
ffffffff  __TI_prof_data_size           
ffffffff  __TI_prof_data_start          
ffffffff  __binit__                     
ffffffff  __c_args__                    
ffffffff  binit                         
UNDEFED   __mpu_init                    
UNDEFED   _system_post_cinit            

[70 symbols]
