******************************************************************************
                  TI ARM Linker PC v18.1.4                     
******************************************************************************
>> Linked Fri May  3 16:17:47 2019

OUTPUT FILE NAME:   <Lab7.out>
ENTRY POINT SYMBOL: "_c_int00_noargs"  address: 000019b5


MEMORY CONFIGURATION

         name            origin    length      used     unused   attr    fill
----------------------  --------  ---------  --------  --------  ----  --------
  FLASH                 00000000   00040000  00001e74  0003e18c  R  X
  SRAM                  20000000   00008000  00000e7a  00007186  RW X


SEGMENT ALLOCATION MAP

run origin  load origin   length   init length attrs members
----------  ----------- ---------- ----------- ----- -------
00000000    00000000    00001e74   00001e74    r-x
  00000000    00000000    0000026c   0000026c    r-- .intvecs
  0000026c    0000026c    000017ac   000017ac    r-x .text
  00001a18    00001a18    0000045c   0000045c    r-- .cinit
20000000    20000000    00000e80   00000000    rw-
  20000000    20000000    00000c7a   00000000    rw- .data
  20000c80    20000c80    00000200   00000000    rw- .stack


SECTION ALLOCATION MAP

 output                                  attributes/
section   page    origin      length       input sections
--------  ----  ----------  ----------   ----------------
.intvecs   0    00000000    0000026c     
                  00000000    0000026c     tm4c123gh6pm_startup_ccs.obj (.intvecs)

.text      0    0000026c    000017ac     
                  0000026c    00000bd4     lab7_library.obj (.text)
                  00000e40    000004a6     Initializations.obj (.text)
                  000012e6    00000002     --HOLE-- [fill = 0]
                  000012e8    00000184     Lab7.obj (.text)
                  0000146c    00000178     tables.obj (.text)
                  000015e4    00000108     math.obj (.text)
                  000016ec    000000fc     uart.obj (.text)
                  000017e8    0000009c     rtsv7M4_T_le_v4SPD16_eabi.lib : memcpy_t2.asm.obj (.text)
                  00001884    00000084     GPIO.obj (.text)
                  00001908    00000068     rtsv7M4_T_le_v4SPD16_eabi.lib : copy_decompress_lzss.c.obj (.text:decompress:lzss:__TI_decompress_lzss)
                  00001970    00000044                                   : autoinit.c.obj (.text:__TI_auto_init_nobinit_nopinit:__TI_auto_init_nobinit_nopinit)
                  000019b4    00000038                                   : boot_cortex_m.c.obj (.text:_c_int00_noargs:_c_int00_noargs)
                  000019ec    0000000e                                   : copy_decompress_none.c.obj (.text:decompress:none:__TI_decompress_none)
                  000019fa    0000000c     tm4c123gh6pm_startup_ccs.obj (.text)
                  00001a06    0000000a     main.obj (.text)
                  00001a10    00000004     rtsv7M4_T_le_v4SPD16_eabi.lib : pre_init.c.obj (.text:_system_pre_init)
                  00001a14    00000004                                   : exit.c.obj (.text:abort:abort)

.cinit     0    00001a18    0000045c     
                  00001a18    0000044b     (.cinit..data.load) [load image, compression = lzss]
                  00001e63    00000001     --HOLE-- [fill = 0]
                  00001e64    00000008     (__TI_handler_table)
                  00001e6c    00000008     (__TI_cinit_table)

.init_array 
*          0    00000000    00000000     UNINITIALIZED

.data      0    20000000    00000c7a     UNINITIALIZED
                  20000000    0000091c     lab7_library.obj (.data)
                  2000091c    0000035e     Lab7.obj (.data)

.stack     0    20000c80    00000200     UNINITIALIZED
                  20000c80    00000004     rtsv7M4_T_le_v4SPD16_eabi.lib : boot_cortex_m.c.obj (.stack)
                  20000c84    000001fc     --HOLE--

MODULE SUMMARY

       Module                         code   ro data   rw data
       ------                         ----   -------   -------
    .\
       Lab7.obj                       388    0         862    
       tm4c123gh6pm_startup_ccs.obj   12     620       0      
       main.obj                       10     0         0      
    +--+------------------------------+------+---------+---------+
       Total:                         410    620       862    
                                                              
    .\Library\
       lab7_library.obj               3028   0         2332   
       Initializations.obj            1190   0         0      
       tables.obj                     376    0         0      
       math.obj                       264    0         0      
       uart.obj                       252    0         0      
       GPIO.obj                       132    0         0      
    +--+------------------------------+------+---------+---------+
       Total:                         5242   0         2332   
                                                              
    C:\ti\ccsv8\tools\compiler\ti-cgt-arm_18.1.4.LTS\lib\rtsv7M4_T_le_v4SPD16_eabi.lib
       memcpy_t2.asm.obj              156    0         0      
       copy_decompress_lzss.c.obj     104    0         0      
       autoinit.c.obj                 68     0         0      
       boot_cortex_m.c.obj            56     0         0      
       copy_decompress_none.c.obj     14     0         0      
       exit.c.obj                     4      0         0      
       pre_init.c.obj                 4      0         0      
    +--+------------------------------+------+---------+---------+
       Total:                         406    0         0      
                                                              
       Stack:                         0      0         512    
       Linker Generated:              0      1115      0      
    +--+------------------------------+------+---------+---------+
       Grand Total:                   6058   1735      3706   


LINKER GENERATED COPY TABLES

__TI_cinit_table @ 00001e6c records: 1, size/record: 8, table size: 8
	.data: load addr=00001a18, load size=0000044b bytes, run addr=20000000, run size=00000c7a bytes, compression=lzss


LINKER GENERATED HANDLER TABLE

__TI_handler_table @ 00001e64 records: 2, size/record: 4, table size: 8
	index: 0, handler: __TI_decompress_lzss
	index: 1, handler: __TI_decompress_none


GLOBAL SYMBOLS: SORTED ALPHABETICALLY BY Name 

address   name                          
-------   ----                          
00001a15  C$$EXIT                       
00001065  GPIO_init                     
000012fd  Lab7                          
000006b7  PortAHandler                  
000019fb  ResetISR                      
00001127  SPI_init                      
0000051d  Timer0Handler                 
000005a1  Timer1Handler                 
000005d3  Timer2Handler                 
000003ff  Uart0Handler                  
20000e80  __STACK_END                   
00000200  __STACK_SIZE                  
20000e80  __STACK_TOP                   
00001e6c  __TI_CINIT_Base               
00001e74  __TI_CINIT_Limit              
00001e64  __TI_Handler_Table_Base       
00001e6c  __TI_Handler_Table_Limit      
00001971  __TI_auto_init_nobinit_nopinit
00001909  __TI_decompress_lzss          
000019ed  __TI_decompress_none          
ffffffff  __TI_pprof_out_hndl           
ffffffff  __TI_prof_data_size           
ffffffff  __TI_prof_data_start          
00000000  __TI_static_base__            
000017e9  __aeabi_memcpy                
000017e9  __aeabi_memcpy4               
000017e9  __aeabi_memcpy8               
ffffffff  __binit__                     
ffffffff  __c_args__                    
UNDEFED   __mpu_init                    
20000c80  __stack                       
000019b5  _c_int00_noargs               
UNDEFED   _system_post_cinit            
00001a11  _system_pre_init              
00001a15  abort                         
ffffffff  binit                         
0000146d  button_table                  
00000b5b  checkForSpawn                 
00000b93  check_valid_location          
00001675  convertToAscii                
0000160d  div_and_mod                   
000017d1  fill_string                   
00000000  g_pfnVectors                  
00000997  generateRandomCharacter       
000018d9  illuminate_LEDs               
000018ef  illuminate_RGB_LED            
00000e41  interrupt_init                
00001a07  main                          
000017e9  memcpy                        
00001733  output_character              
0000175d  output_string                 
00001513  playNote                      
000016ed  poll_character                
0000033f  printGameOver                 
00001713  read_character                
00001885  read_from_keypad              
00000889  redrawBoard                   
00000319  resetFrogLives                
000015e5  rng                           
00000935  shiftSetOfRows                
00001787  shift_string                  
00000b01  spawnRoadTile                 
00000a2b  spawnWaterTile                
00000ebf  timer0_interrupt_init         
00000f49  timer1_interrupt_init         
00000fd7  timer2_interrupt_init         
0000121b  uart_init                     
000003cb  update_game_information       


GLOBAL SYMBOLS: SORTED BY Symbol Address 

address   name                          
-------   ----                          
00000000  __TI_static_base__            
00000000  g_pfnVectors                  
00000200  __STACK_SIZE                  
00000319  resetFrogLives                
0000033f  printGameOver                 
000003cb  update_game_information       
000003ff  Uart0Handler                  
0000051d  Timer0Handler                 
000005a1  Timer1Handler                 
000005d3  Timer2Handler                 
000006b7  PortAHandler                  
00000889  redrawBoard                   
00000935  shiftSetOfRows                
00000997  generateRandomCharacter       
00000a2b  spawnWaterTile                
00000b01  spawnRoadTile                 
00000b5b  checkForSpawn                 
00000b93  check_valid_location          
00000e41  interrupt_init                
00000ebf  timer0_interrupt_init         
00000f49  timer1_interrupt_init         
00000fd7  timer2_interrupt_init         
00001065  GPIO_init                     
00001127  SPI_init                      
0000121b  uart_init                     
000012fd  Lab7                          
0000146d  button_table                  
00001513  playNote                      
000015e5  rng                           
0000160d  div_and_mod                   
00001675  convertToAscii                
000016ed  poll_character                
00001713  read_character                
00001733  output_character              
0000175d  output_string                 
00001787  shift_string                  
000017d1  fill_string                   
000017e9  __aeabi_memcpy                
000017e9  __aeabi_memcpy4               
000017e9  __aeabi_memcpy8               
000017e9  memcpy                        
00001885  read_from_keypad              
000018d9  illuminate_LEDs               
000018ef  illuminate_RGB_LED            
00001909  __TI_decompress_lzss          
00001971  __TI_auto_init_nobinit_nopinit
000019b5  _c_int00_noargs               
000019ed  __TI_decompress_none          
000019fb  ResetISR                      
00001a07  main                          
00001a11  _system_pre_init              
00001a15  C$$EXIT                       
00001a15  abort                         
00001e64  __TI_Handler_Table_Base       
00001e6c  __TI_CINIT_Base               
00001e6c  __TI_Handler_Table_Limit      
00001e74  __TI_CINIT_Limit              
20000c80  __stack                       
20000e80  __STACK_END                   
20000e80  __STACK_TOP                   
ffffffff  __TI_pprof_out_hndl           
ffffffff  __TI_prof_data_size           
ffffffff  __TI_prof_data_start          
ffffffff  __binit__                     
ffffffff  __c_args__                    
ffffffff  binit                         
UNDEFED   __mpu_init                    
UNDEFED   _system_post_cinit            

[68 symbols]
