******************************************************************************
                  TI ARM Linker PC v18.1.4                     
******************************************************************************
>> Linked Tue Apr 16 14:52:54 2019

OUTPUT FILE NAME:   <Lab7.out>
ENTRY POINT SYMBOL: "_c_int00_noargs"  address: 00000fed


MEMORY CONFIGURATION

         name            origin    length      used     unused   attr    fill
----------------------  --------  ---------  --------  --------  ----  --------
  FLASH                 00000000   00040000  000012fc  0003ed04  R  X
  SRAM                  20000000   00008000  000009fe  00007602  RW X


SEGMENT ALLOCATION MAP

run origin  load origin   length   init length attrs members
----------  ----------- ---------- ----------- ----- -------
00000000    00000000    000012fc   000012fc    r-x
  00000000    00000000    0000026c   0000026c    r-- .intvecs
  0000026c    0000026c    00000de4   00000de4    r-x .text
  00001050    00001050    000002ac   000002ac    r-- .cinit
20000000    20000000    00000a00   00000000    rw-
  20000000    20000000    000007fe   00000000    rw- .data
  20000800    20000800    00000200   00000000    rw- .stack


SECTION ALLOCATION MAP

 output                                  attributes/
section   page    origin      length       input sections
--------  ----  ----------  ----------   ----------------
.intvecs   0    00000000    0000026c     
                  00000000    0000026c     tm4c123gh6pm_startup_ccs.obj (.intvecs)

.text      0    0000026c    00000de4     
                  0000026c    0000043c     lab7_library.obj (.text)
                  000006a8    000003b2     Initializations.obj (.text)
                  00000a5a    0000016e     tables.obj (.text)
                  00000bc8    000000fc     uart.obj (.text)
                  00000cc4    000000d6     Lab7.obj (.text)
                  00000d9a    0000009c     rtsv7M4_T_le_v4SPD16_eabi.lib : memcpy_t2.asm.obj (.text)
                  00000e36    00000086     math.obj (.text)
                  00000ebc    00000084     GPIO.obj (.text)
                  00000f40    00000068     rtsv7M4_T_le_v4SPD16_eabi.lib : copy_decompress_lzss.c.obj (.text:decompress:lzss:__TI_decompress_lzss)
                  00000fa8    00000044                                   : autoinit.c.obj (.text:__TI_auto_init_nobinit_nopinit:__TI_auto_init_nobinit_nopinit)
                  00000fec    00000038                                   : boot_cortex_m.c.obj (.text:_c_int00_noargs:_c_int00_noargs)
                  00001024    0000000e                                   : copy_decompress_none.c.obj (.text:decompress:none:__TI_decompress_none)
                  00001032    0000000c     tm4c123gh6pm_startup_ccs.obj (.text)
                  0000103e    0000000a     main.obj (.text)
                  00001048    00000004     rtsv7M4_T_le_v4SPD16_eabi.lib : pre_init.c.obj (.text:_system_pre_init)
                  0000104c    00000004                                   : exit.c.obj (.text:abort:abort)

.cinit     0    00001050    000002ac     
                  00001050    0000029b     (.cinit..data.load) [load image, compression = lzss]
                  000012eb    00000001     --HOLE-- [fill = 0]
                  000012ec    00000008     (__TI_handler_table)
                  000012f4    00000008     (__TI_cinit_table)

.init_array 
*          0    00000000    00000000     UNINITIALIZED

.data      0    20000000    000007fe     UNINITIALIZED
                  20000000    000004b9     lab7_library.obj (.data)
                  200004b9    00000345     Lab7.obj (.data)

.stack     0    20000800    00000200     UNINITIALIZED
                  20000800    00000004     rtsv7M4_T_le_v4SPD16_eabi.lib : boot_cortex_m.c.obj (.stack)
                  20000804    000001fc     --HOLE--

MODULE SUMMARY

       Module                         code   ro data   rw data
       ------                         ----   -------   -------
    .\
       Lab7.obj                       214    0         837    
       tm4c123gh6pm_startup_ccs.obj   12     620       0      
       main.obj                       10     0         0      
    +--+------------------------------+------+---------+---------+
       Total:                         236    620       837    
                                                              
    .\Library\
       lab7_library.obj               1084   0         1209   
       Initializations.obj            946    0         0      
       tables.obj                     366    0         0      
       uart.obj                       252    0         0      
       math.obj                       134    0         0      
       GPIO.obj                       132    0         0      
    +--+------------------------------+------+---------+---------+
       Total:                         2914   0         1209   
                                                              
    C:\ti\ccsv8\tools\compiler\ti-cgt-arm_18.1.4.LTS\lib\rtsv7M4_T_le_v4SPD16_eabi.lib
       memcpy_t2.asm.obj              156    0         0      
       copy_decompress_lzss.c.obj     104    0         0      
       autoinit.c.obj                 68     0         0      
       boot_cortex_m.c.obj            56     0         0      
       copy_decompress_none.c.obj     14     0         0      
       exit.c.obj                     4      0         0      
       pre_init.c.obj                 4      0         0      
    +--+------------------------------+------+---------+---------+
       Total:                         406    0         0      
                                                              
       Stack:                         0      0         512    
       Linker Generated:              0      683       0      
    +--+------------------------------+------+---------+---------+
       Grand Total:                   3556   1303      2558   


LINKER GENERATED COPY TABLES

__TI_cinit_table @ 000012f4 records: 1, size/record: 8, table size: 8
	.data: load addr=00001050, load size=0000029b bytes, run addr=20000000, run size=000007fe bytes, compression=lzss


LINKER GENERATED HANDLER TABLE

__TI_handler_table @ 000012ec records: 2, size/record: 4, table size: 8
	index: 0, handler: __TI_decompress_lzss
	index: 1, handler: __TI_decompress_none


GLOBAL SYMBOLS: SORTED ALPHABETICALLY BY Name 

address   name                          
-------   ----                          
0000104d  C$$EXIT                       
000008cd  GPIO_init                     
00000cd9  Lab7                          
0000042d  PortAHandler                  
00001033  ResetISR                      
000003bb  Timer0Handler                 
000003dd  Timer1Handler                 
0000040f  Timer2Handler                 
000002a1  Uart0Handler                  
20000a00  __STACK_END                   
00000200  __STACK_SIZE                  
20000a00  __STACK_TOP                   
000012f4  __TI_CINIT_Base               
000012fc  __TI_CINIT_Limit              
000012ec  __TI_Handler_Table_Base       
000012f4  __TI_Handler_Table_Limit      
00000fa9  __TI_auto_init_nobinit_nopinit
00000f41  __TI_decompress_lzss          
00001025  __TI_decompress_none          
ffffffff  __TI_pprof_out_hndl           
ffffffff  __TI_prof_data_size           
ffffffff  __TI_prof_data_start          
00000000  __TI_static_base__            
00000d9b  __aeabi_memcpy                
00000d9b  __aeabi_memcpy4               
00000d9b  __aeabi_memcpy8               
ffffffff  __binit__                     
ffffffff  __c_args__                    
UNDEFED   __mpu_init                    
20000800  __stack                       
00000fed  _c_int00_noargs               
UNDEFED   _system_post_cinit            
00001049  _system_pre_init              
0000104d  abort                         
ffffffff  binit                         
00000a5b  button_table                  
00000e55  div_and_mod                   
00000cad  fill_string                   
00000000  g_pfnVectors                  
00000f11  illuminate_LEDs               
00000f27  illuminate_RGB_LED            
000006a9  interrupt_init                
0000103f  main                          
00000d9b  memcpy                        
00000c0f  output_character              
00000c39  output_string                 
00000b01  playNote                      
00000bc9  poll_character                
00000bef  read_character                
00000ebd  read_from_keypad              
000005d9  redrawBoard                   
00000e37  rng                           
00000669  shiftString                   
00000c63  shift_string                  
00000727  timer0_interrupt_init         
000007b1  timer1_interrupt_init         
0000083f  timer2_interrupt_init         
0000098f  uart_init                     


GLOBAL SYMBOLS: SORTED BY Symbol Address 

address   name                          
-------   ----                          
00000000  __TI_static_base__            
00000000  g_pfnVectors                  
00000200  __STACK_SIZE                  
000002a1  Uart0Handler                  
000003bb  Timer0Handler                 
000003dd  Timer1Handler                 
0000040f  Timer2Handler                 
0000042d  PortAHandler                  
000005d9  redrawBoard                   
00000669  shiftString                   
000006a9  interrupt_init                
00000727  timer0_interrupt_init         
000007b1  timer1_interrupt_init         
0000083f  timer2_interrupt_init         
000008cd  GPIO_init                     
0000098f  uart_init                     
00000a5b  button_table                  
00000b01  playNote                      
00000bc9  poll_character                
00000bef  read_character                
00000c0f  output_character              
00000c39  output_string                 
00000c63  shift_string                  
00000cad  fill_string                   
00000cd9  Lab7                          
00000d9b  __aeabi_memcpy                
00000d9b  __aeabi_memcpy4               
00000d9b  __aeabi_memcpy8               
00000d9b  memcpy                        
00000e37  rng                           
00000e55  div_and_mod                   
00000ebd  read_from_keypad              
00000f11  illuminate_LEDs               
00000f27  illuminate_RGB_LED            
00000f41  __TI_decompress_lzss          
00000fa9  __TI_auto_init_nobinit_nopinit
00000fed  _c_int00_noargs               
00001025  __TI_decompress_none          
00001033  ResetISR                      
0000103f  main                          
00001049  _system_pre_init              
0000104d  C$$EXIT                       
0000104d  abort                         
000012ec  __TI_Handler_Table_Base       
000012f4  __TI_CINIT_Base               
000012f4  __TI_Handler_Table_Limit      
000012fc  __TI_CINIT_Limit              
20000800  __stack                       
20000a00  __STACK_END                   
20000a00  __STACK_TOP                   
ffffffff  __TI_pprof_out_hndl           
ffffffff  __TI_prof_data_size           
ffffffff  __TI_prof_data_start          
ffffffff  __binit__                     
ffffffff  __c_args__                    
ffffffff  binit                         
UNDEFED   __mpu_init                    
UNDEFED   _system_post_cinit            

[58 symbols]
