******************************************************************************
                  TI ARM Linker PC v18.1.4                     
******************************************************************************
>> Linked Wed May  1 12:05:12 2019

OUTPUT FILE NAME:   <Lab7.out>
ENTRY POINT SYMBOL: "_c_int00_noargs"  address: 000014d9


MEMORY CONFIGURATION

         name            origin    length      used     unused   attr    fill
----------------------  --------  ---------  --------  --------  ----  --------
  FLASH                 00000000   00040000  00001824  0003e7dc  R  X
  SRAM                  20000000   00008000  00000a1b  000075e5  RW X


SEGMENT ALLOCATION MAP

run origin  load origin   length   init length attrs members
----------  ----------- ---------- ----------- ----- -------
00000000    00000000    00001828   00001828    r-x
  00000000    00000000    0000026c   0000026c    r-- .intvecs
  0000026c    0000026c    000012d0   000012d0    r-x .text
  00001540    00001540    000002e8   000002e8    r-- .cinit
20000000    20000000    00000a20   00000000    rw-
  20000000    20000000    0000081b   00000000    rw- .data
  20000820    20000820    00000200   00000000    rw- .stack


SECTION ALLOCATION MAP

 output                                  attributes/
section   page    origin      length       input sections
--------  ----  ----------  ----------   ----------------
.intvecs   0    00000000    0000026c     
                  00000000    0000026c     tm4c123gh6pm_startup_ccs.obj (.intvecs)

.text      0    0000026c    000012d0     
                  0000026c    00000832     lab7_library.obj (.text)
                  00000a9e    00000476     Initializations.obj (.text)
                  00000f14    0000016e     tables.obj (.text)
                  00001082    00000002     --HOLE-- [fill = 0]
                  00001084    0000010a     Lab7.obj (.text)
                  0000118e    000000fc     uart.obj (.text)
                  0000128a    0000009c     rtsv7M4_T_le_v4SPD16_eabi.lib : memcpy_t2.asm.obj (.text)
                  00001326    00000084     GPIO.obj (.text)
                  000013aa    00000082     math.obj (.text)
                  0000142c    00000068     rtsv7M4_T_le_v4SPD16_eabi.lib : copy_decompress_lzss.c.obj (.text:decompress:lzss:__TI_decompress_lzss)
                  00001494    00000044                                   : autoinit.c.obj (.text:__TI_auto_init_nobinit_nopinit:__TI_auto_init_nobinit_nopinit)
                  000014d8    00000038                                   : boot_cortex_m.c.obj (.text:_c_int00_noargs:_c_int00_noargs)
                  00001510    0000000e                                   : copy_decompress_none.c.obj (.text:decompress:none:__TI_decompress_none)
                  0000151e    0000000c     tm4c123gh6pm_startup_ccs.obj (.text)
                  0000152a    0000000a     main.obj (.text)
                  00001534    00000004     rtsv7M4_T_le_v4SPD16_eabi.lib : pre_init.c.obj (.text:_system_pre_init)
                  00001538    00000004                                   : exit.c.obj (.text:abort:abort)

.cinit     0    00001540    000002e8     
                  00001540    000002d5     (.cinit..data.load) [load image, compression = lzss]
                  00001815    00000003     --HOLE-- [fill = 0]
                  00001818    00000008     (__TI_handler_table)
                  00001820    00000008     (__TI_cinit_table)

.init_array 
*          0    00000000    00000000     UNINITIALIZED

.data      0    20000000    0000081b     UNINITIALIZED
                  20000000    000004bd     lab7_library.obj (.data)
                  200004bd    0000035e     Lab7.obj (.data)

.stack     0    20000820    00000200     UNINITIALIZED
                  20000820    00000004     rtsv7M4_T_le_v4SPD16_eabi.lib : boot_cortex_m.c.obj (.stack)
                  20000824    000001fc     --HOLE--

MODULE SUMMARY

       Module                         code   ro data   rw data
       ------                         ----   -------   -------
    .\
       Lab7.obj                       266    0         862    
       tm4c123gh6pm_startup_ccs.obj   12     620       0      
       main.obj                       10     0         0      
    +--+------------------------------+------+---------+---------+
       Total:                         288    620       862    
                                                              
    .\Library\
       lab7_library.obj               2098   0         1213   
       Initializations.obj            1142   0         0      
       tables.obj                     366    0         0      
       uart.obj                       252    0         0      
       GPIO.obj                       132    0         0      
       math.obj                       130    0         0      
    +--+------------------------------+------+---------+---------+
       Total:                         4120   0         1213   
                                                              
    C:\ti\ccsv8\tools\compiler\ti-cgt-arm_18.1.4.LTS\lib\rtsv7M4_T_le_v4SPD16_eabi.lib
       memcpy_t2.asm.obj              156    0         0      
       copy_decompress_lzss.c.obj     104    0         0      
       autoinit.c.obj                 68     0         0      
       boot_cortex_m.c.obj            56     0         0      
       copy_decompress_none.c.obj     14     0         0      
       exit.c.obj                     4      0         0      
       pre_init.c.obj                 4      0         0      
    +--+------------------------------+------+---------+---------+
       Total:                         406    0         0      
                                                              
       Stack:                         0      0         512    
       Linker Generated:              0      741       0      
    +--+------------------------------+------+---------+---------+
       Grand Total:                   4814   1361      2587   


LINKER GENERATED COPY TABLES

__TI_cinit_table @ 00001820 records: 1, size/record: 8, table size: 8
	.data: load addr=00001540, load size=000002d5 bytes, run addr=20000000, run size=0000081b bytes, compression=lzss


LINKER GENERATED HANDLER TABLE

__TI_handler_table @ 00001818 records: 2, size/record: 4, table size: 8
	index: 0, handler: __TI_decompress_lzss
	index: 1, handler: __TI_decompress_none


GLOBAL SYMBOLS: SORTED ALPHABETICALLY BY Name 

address   name                          
-------   ----                          
00001539  C$$EXIT                       
00000cc3  GPIO_init                     
00001099  Lab7                          
00000539  PortAHandler                  
0000151f  ResetISR                      
00000d55  SPI_init                      
000003f1  Timer0Handler                 
00000431  Timer1Handler                 
00000463  Timer2Handler                 
000002d9  Uart0Handler                  
20000a20  __STACK_END                   
00000200  __STACK_SIZE                  
20000a20  __STACK_TOP                   
00001820  __TI_CINIT_Base               
00001828  __TI_CINIT_Limit              
00001818  __TI_Handler_Table_Base       
00001820  __TI_Handler_Table_Limit      
00001495  __TI_auto_init_nobinit_nopinit
0000142d  __TI_decompress_lzss          
00001511  __TI_decompress_none          
ffffffff  __TI_pprof_out_hndl           
ffffffff  __TI_prof_data_size           
ffffffff  __TI_prof_data_start          
00000000  __TI_static_base__            
0000128b  __aeabi_memcpy                
0000128b  __aeabi_memcpy4               
0000128b  __aeabi_memcpy8               
ffffffff  __binit__                     
ffffffff  __c_args__                    
UNDEFED   __mpu_init                    
20000820  __stack                       
000014d9  _c_int00_noargs               
UNDEFED   _system_post_cinit            
00001535  _system_pre_init              
00001539  abort                         
ffffffff  binit                         
00000f15  button_table                  
00000941  checkForSpawn                 
00000979  check_valid_location          
000013c5  div_and_mod                   
00001273  fill_string                   
00000000  g_pfnVectors                  
0000077d  generateRandomCharacter       
0000137b  illuminate_LEDs               
00001391  illuminate_RGB_LED            
00000a9f  interrupt_init                
0000152b  main                          
0000128b  memcpy                        
000009c3  output_7_seg                  
000011d5  output_character              
000011ff  output_string                 
00000fbb  playNote                      
0000118f  poll_character                
000011b5  read_character                
00001327  read_from_keypad              
000006e5  redrawBoard                   
000013ab  rng                           
0000071b  shiftSetOfRows                
00001229  shift_string                  
000008e7  spawnRoadTile                 
00000811  spawnWaterTile                
00000b1d  timer0_interrupt_init         
00000ba7  timer1_interrupt_init         
00000c35  timer2_interrupt_init         
00000e49  uart_init                     
000002a5  update_game_information       


GLOBAL SYMBOLS: SORTED BY Symbol Address 

address   name                          
-------   ----                          
00000000  __TI_static_base__            
00000000  g_pfnVectors                  
00000200  __STACK_SIZE                  
000002a5  update_game_information       
000002d9  Uart0Handler                  
000003f1  Timer0Handler                 
00000431  Timer1Handler                 
00000463  Timer2Handler                 
00000539  PortAHandler                  
000006e5  redrawBoard                   
0000071b  shiftSetOfRows                
0000077d  generateRandomCharacter       
00000811  spawnWaterTile                
000008e7  spawnRoadTile                 
00000941  checkForSpawn                 
00000979  check_valid_location          
000009c3  output_7_seg                  
00000a9f  interrupt_init                
00000b1d  timer0_interrupt_init         
00000ba7  timer1_interrupt_init         
00000c35  timer2_interrupt_init         
00000cc3  GPIO_init                     
00000d55  SPI_init                      
00000e49  uart_init                     
00000f15  button_table                  
00000fbb  playNote                      
00001099  Lab7                          
0000118f  poll_character                
000011b5  read_character                
000011d5  output_character              
000011ff  output_string                 
00001229  shift_string                  
00001273  fill_string                   
0000128b  __aeabi_memcpy                
0000128b  __aeabi_memcpy4               
0000128b  __aeabi_memcpy8               
0000128b  memcpy                        
00001327  read_from_keypad              
0000137b  illuminate_LEDs               
00001391  illuminate_RGB_LED            
000013ab  rng                           
000013c5  div_and_mod                   
0000142d  __TI_decompress_lzss          
00001495  __TI_auto_init_nobinit_nopinit
000014d9  _c_int00_noargs               
00001511  __TI_decompress_none          
0000151f  ResetISR                      
0000152b  main                          
00001535  _system_pre_init              
00001539  C$$EXIT                       
00001539  abort                         
00001818  __TI_Handler_Table_Base       
00001820  __TI_CINIT_Base               
00001820  __TI_Handler_Table_Limit      
00001828  __TI_CINIT_Limit              
20000820  __stack                       
20000a20  __STACK_END                   
20000a20  __STACK_TOP                   
ffffffff  __TI_pprof_out_hndl           
ffffffff  __TI_prof_data_size           
ffffffff  __TI_prof_data_start          
ffffffff  __binit__                     
ffffffff  __c_args__                    
ffffffff  binit                         
UNDEFED   __mpu_init                    
UNDEFED   _system_post_cinit            

[66 symbols]
