******************************************************************************
                  TI ARM Linker PC v18.1.4                     
******************************************************************************
>> Linked Wed May  1 19:51:43 2019

OUTPUT FILE NAME:   <Lab7.out>
ENTRY POINT SYMBOL: "_c_int00_noargs"  address: 000014e1


MEMORY CONFIGURATION

         name            origin    length      used     unused   attr    fill
----------------------  --------  ---------  --------  --------  ----  --------
  FLASH                 00000000   00040000  0000182c  0003e7d4  R  X
  SRAM                  20000000   00008000  00000a1b  000075e5  RW X


SEGMENT ALLOCATION MAP

run origin  load origin   length   init length attrs members
----------  ----------- ---------- ----------- ----- -------
00000000    00000000    00001830   00001830    r-x
  00000000    00000000    0000026c   0000026c    r-- .intvecs
  0000026c    0000026c    000012d8   000012d8    r-x .text
  00001548    00001548    000002e8   000002e8    r-- .cinit
20000000    20000000    00000a20   00000000    rw-
  20000000    20000000    0000081b   00000000    rw- .data
  20000820    20000820    00000200   00000000    rw- .stack


SECTION ALLOCATION MAP

 output                                  attributes/
section   page    origin      length       input sections
--------  ----  ----------  ----------   ----------------
.intvecs   0    00000000    0000026c     
                  00000000    0000026c     tm4c123gh6pm_startup_ccs.obj (.intvecs)

.text      0    0000026c    000012d8     
                  0000026c    0000083a     lab7_library.obj (.text)
                  00000aa6    00000476     Initializations.obj (.text)
                  00000f1c    0000016e     tables.obj (.text)
                  0000108a    00000002     --HOLE-- [fill = 0]
                  0000108c    0000010a     Lab7.obj (.text)
                  00001196    000000fc     uart.obj (.text)
                  00001292    0000009c     rtsv7M4_T_le_v4SPD16_eabi.lib : memcpy_t2.asm.obj (.text)
                  0000132e    00000084     GPIO.obj (.text)
                  000013b2    00000082     math.obj (.text)
                  00001434    00000068     rtsv7M4_T_le_v4SPD16_eabi.lib : copy_decompress_lzss.c.obj (.text:decompress:lzss:__TI_decompress_lzss)
                  0000149c    00000044                                   : autoinit.c.obj (.text:__TI_auto_init_nobinit_nopinit:__TI_auto_init_nobinit_nopinit)
                  000014e0    00000038                                   : boot_cortex_m.c.obj (.text:_c_int00_noargs:_c_int00_noargs)
                  00001518    0000000e                                   : copy_decompress_none.c.obj (.text:decompress:none:__TI_decompress_none)
                  00001526    0000000c     tm4c123gh6pm_startup_ccs.obj (.text)
                  00001532    0000000a     main.obj (.text)
                  0000153c    00000004     rtsv7M4_T_le_v4SPD16_eabi.lib : pre_init.c.obj (.text:_system_pre_init)
                  00001540    00000004                                   : exit.c.obj (.text:abort:abort)

.cinit     0    00001548    000002e8     
                  00001548    000002d5     (.cinit..data.load) [load image, compression = lzss]
                  0000181d    00000003     --HOLE-- [fill = 0]
                  00001820    00000008     (__TI_handler_table)
                  00001828    00000008     (__TI_cinit_table)

.init_array 
*          0    00000000    00000000     UNINITIALIZED

.data      0    20000000    0000081b     UNINITIALIZED
                  20000000    000004bd     lab7_library.obj (.data)
                  200004bd    0000035e     Lab7.obj (.data)

.stack     0    20000820    00000200     UNINITIALIZED
                  20000820    00000004     rtsv7M4_T_le_v4SPD16_eabi.lib : boot_cortex_m.c.obj (.stack)
                  20000824    000001fc     --HOLE--

MODULE SUMMARY

       Module                         code   ro data   rw data
       ------                         ----   -------   -------
    .\
       Lab7.obj                       266    0         862    
       tm4c123gh6pm_startup_ccs.obj   12     620       0      
       main.obj                       10     0         0      
    +--+------------------------------+------+---------+---------+
       Total:                         288    620       862    
                                                              
    .\Library\
       lab7_library.obj               2106   0         1213   
       Initializations.obj            1142   0         0      
       tables.obj                     366    0         0      
       uart.obj                       252    0         0      
       GPIO.obj                       132    0         0      
       math.obj                       130    0         0      
    +--+------------------------------+------+---------+---------+
       Total:                         4128   0         1213   
                                                              
    C:\ti\ccsv8\tools\compiler\ti-cgt-arm_18.1.4.LTS\lib\rtsv7M4_T_le_v4SPD16_eabi.lib
       memcpy_t2.asm.obj              156    0         0      
       copy_decompress_lzss.c.obj     104    0         0      
       autoinit.c.obj                 68     0         0      
       boot_cortex_m.c.obj            56     0         0      
       copy_decompress_none.c.obj     14     0         0      
       exit.c.obj                     4      0         0      
       pre_init.c.obj                 4      0         0      
    +--+------------------------------+------+---------+---------+
       Total:                         406    0         0      
                                                              
       Stack:                         0      0         512    
       Linker Generated:              0      741       0      
    +--+------------------------------+------+---------+---------+
       Grand Total:                   4822   1361      2587   


LINKER GENERATED COPY TABLES

__TI_cinit_table @ 00001828 records: 1, size/record: 8, table size: 8
	.data: load addr=00001548, load size=000002d5 bytes, run addr=20000000, run size=0000081b bytes, compression=lzss


LINKER GENERATED HANDLER TABLE

__TI_handler_table @ 00001820 records: 2, size/record: 4, table size: 8
	index: 0, handler: __TI_decompress_lzss
	index: 1, handler: __TI_decompress_none


GLOBAL SYMBOLS: SORTED ALPHABETICALLY BY Name 

address   name                          
-------   ----                          
00001541  C$$EXIT                       
00000ccb  GPIO_init                     
000010a1  Lab7                          
00000541  PortAHandler                  
00001527  ResetISR                      
00000d5d  SPI_init                      
000003f9  Timer0Handler                 
00000439  Timer1Handler                 
0000046b  Timer2Handler                 
000002d9  Uart0Handler                  
20000a20  __STACK_END                   
00000200  __STACK_SIZE                  
20000a20  __STACK_TOP                   
00001828  __TI_CINIT_Base               
00001830  __TI_CINIT_Limit              
00001820  __TI_Handler_Table_Base       
00001828  __TI_Handler_Table_Limit      
0000149d  __TI_auto_init_nobinit_nopinit
00001435  __TI_decompress_lzss          
00001519  __TI_decompress_none          
ffffffff  __TI_pprof_out_hndl           
ffffffff  __TI_prof_data_size           
ffffffff  __TI_prof_data_start          
00000000  __TI_static_base__            
00001293  __aeabi_memcpy                
00001293  __aeabi_memcpy4               
00001293  __aeabi_memcpy8               
ffffffff  __binit__                     
ffffffff  __c_args__                    
UNDEFED   __mpu_init                    
20000820  __stack                       
000014e1  _c_int00_noargs               
UNDEFED   _system_post_cinit            
0000153d  _system_pre_init              
00001541  abort                         
ffffffff  binit                         
00000f1d  button_table                  
00000949  checkForSpawn                 
00000981  check_valid_location          
000013cd  div_and_mod                   
0000127b  fill_string                   
00000000  g_pfnVectors                  
00000785  generateRandomCharacter       
00001383  illuminate_LEDs               
00001399  illuminate_RGB_LED            
00000aa7  interrupt_init                
00001533  main                          
00001293  memcpy                        
000009cb  output_7_seg                  
000011dd  output_character              
00001207  output_string                 
00000fc3  playNote                      
00001197  poll_character                
000011bd  read_character                
0000132f  read_from_keypad              
000006ed  redrawBoard                   
000013b3  rng                           
00000723  shiftSetOfRows                
00001231  shift_string                  
000008ef  spawnRoadTile                 
00000819  spawnWaterTile                
00000b25  timer0_interrupt_init         
00000baf  timer1_interrupt_init         
00000c3d  timer2_interrupt_init         
00000e51  uart_init                     
000002a5  update_game_information       


GLOBAL SYMBOLS: SORTED BY Symbol Address 

address   name                          
-------   ----                          
00000000  __TI_static_base__            
00000000  g_pfnVectors                  
00000200  __STACK_SIZE                  
000002a5  update_game_information       
000002d9  Uart0Handler                  
000003f9  Timer0Handler                 
00000439  Timer1Handler                 
0000046b  Timer2Handler                 
00000541  PortAHandler                  
000006ed  redrawBoard                   
00000723  shiftSetOfRows                
00000785  generateRandomCharacter       
00000819  spawnWaterTile                
000008ef  spawnRoadTile                 
00000949  checkForSpawn                 
00000981  check_valid_location          
000009cb  output_7_seg                  
00000aa7  interrupt_init                
00000b25  timer0_interrupt_init         
00000baf  timer1_interrupt_init         
00000c3d  timer2_interrupt_init         
00000ccb  GPIO_init                     
00000d5d  SPI_init                      
00000e51  uart_init                     
00000f1d  button_table                  
00000fc3  playNote                      
000010a1  Lab7                          
00001197  poll_character                
000011bd  read_character                
000011dd  output_character              
00001207  output_string                 
00001231  shift_string                  
0000127b  fill_string                   
00001293  __aeabi_memcpy                
00001293  __aeabi_memcpy4               
00001293  __aeabi_memcpy8               
00001293  memcpy                        
0000132f  read_from_keypad              
00001383  illuminate_LEDs               
00001399  illuminate_RGB_LED            
000013b3  rng                           
000013cd  div_and_mod                   
00001435  __TI_decompress_lzss          
0000149d  __TI_auto_init_nobinit_nopinit
000014e1  _c_int00_noargs               
00001519  __TI_decompress_none          
00001527  ResetISR                      
00001533  main                          
0000153d  _system_pre_init              
00001541  C$$EXIT                       
00001541  abort                         
00001820  __TI_Handler_Table_Base       
00001828  __TI_CINIT_Base               
00001828  __TI_Handler_Table_Limit      
00001830  __TI_CINIT_Limit              
20000820  __stack                       
20000a20  __STACK_END                   
20000a20  __STACK_TOP                   
ffffffff  __TI_pprof_out_hndl           
ffffffff  __TI_prof_data_size           
ffffffff  __TI_prof_data_start          
ffffffff  __binit__                     
ffffffff  __c_args__                    
ffffffff  binit                         
UNDEFED   __mpu_init                    
UNDEFED   _system_post_cinit            

[66 symbols]
